2022-02-16 19:22:28,164  * Debugger is active!
2022-02-16 19:22:28,180  * Debugger PIN: 962-320-434
2022-02-16 19:22:28,475  * Running on http://127.0.0.1:5000/ (Press CTRL+C to quit)
2022-02-16 19:22:53,619 127.0.0.1 - - [16/Feb/2022 19:22:53] "GET / HTTP/1.1" 200 -
2022-02-16 19:22:59,092 127.0.0.1 - - [16/Feb/2022 19:22:59] "POST /predict HTTP/1.1" 200 -
2022-02-16 19:25:01,022 127.0.0.1 - - [16/Feb/2022 19:25:01] "GET / HTTP/1.1" 200 -
2022-02-16 19:25:07,568 127.0.0.1 - - [16/Feb/2022 19:25:07] "POST /predict HTTP/1.1" 200 -
2022-02-16 19:25:22,148 127.0.0.1 - - [16/Feb/2022 19:25:22] "POST /predict HTTP/1.1" 200 -
